17:15:31,123 |-INFO in org.apache.rocketmq.logging.ch.qos.logback.classic.LoggerContext[default] - This is logback-classic version 1.3.5-rocketmq
17:15:31,139 |-INFO in org.apache.rocketmq.logging.ch.qos.logback.classic.LoggerContext[default] - Found resource [rmq.logback-test.xml] at [file:/home/dev/competitions/wuzhen/repos/rocketmq-round2/test/target/test-classes/rmq.logback-test.xml]
17:15:31,277 |-INFO in org.apache.rocketmq.logging.ch.qos.logback.core.model.processor.AppenderModelHandler - Processing appender named [CONSOLE]
17:15:31,277 |-INFO in org.apache.rocketmq.logging.ch.qos.logback.core.model.processor.AppenderModelHandler - About to instantiate appender of type [org.apache.rocketmq.logging.ch.qos.logback.core.ConsoleAppender]
17:15:31,323 |-WARN in org.apache.rocketmq.logging.ch.qos.logback.core.ConsoleAppender[CONSOLE] - This appender no longer admits a layout as a sub-component, set an encoder instead.
17:15:31,323 |-WARN in org.apache.rocketmq.logging.ch.qos.logback.core.ConsoleAppender[CONSOLE] - To ensure compatibility, wrapping your layout in LayoutWrappingEncoder.
17:15:31,323 |-WARN in org.apache.rocketmq.logging.ch.qos.logback.core.ConsoleAppender[CONSOLE] - See also http://logback.qos.ch/codes.html#layoutInsteadOfEncoder for details
17:15:31,323 |-INFO in org.apache.rocketmq.logging.ch.qos.logback.classic.model.processor.LoggerModelHandler - Setting level of logger [org.apache.rocketmq] to ERROR
17:15:31,323 |-INFO in org.apache.rocketmq.logging.ch.qos.logback.classic.model.processor.LoggerModelHandler - Setting additivity of logger [org.apache.rocketmq] to false
17:15:31,323 |-INFO in org.apache.rocketmq.logging.ch.qos.logback.core.model.processor.AppenderRefModelHandler - Attaching appender named [CONSOLE] to Logger[org.apache.rocketmq]
17:15:31,324 |-INFO in org.apache.rocketmq.logging.ch.qos.logback.classic.model.processor.RootLoggerModelHandler - Setting level of ROOT logger to ERROR
17:15:31,324 |-INFO in org.apache.rocketmq.logging.ch.qos.logback.core.model.processor.AppenderRefModelHandler - Attaching appender named [CONSOLE] to Logger[ROOT]
17:15:31,324 |-INFO in org.apache.rocketmq.logging.ch.qos.logback.core.model.processor.DefaultProcessor@60285225 - End of configuration.
17:15:31,324 |-INFO in org.apache.rocketmq.common.logging.JoranConfiguratorExt@7113b13f - Registering current configuration as safe fallback point

17:15:52.349 [org.apache.rocketmq.namesrv.routeinfo.BatchUnregistrationService] ERROR RocketmqNamesrv - Handle unregister broker request failed
java.lang.InterruptedException: null
	at java.util.concurrent.locks.AbstractQueuedSynchronizer$ConditionObject.reportInterruptAfterWait(AbstractQueuedSynchronizer.java:2014)
	at java.util.concurrent.locks.AbstractQueuedSynchronizer$ConditionObject.await(AbstractQueuedSynchronizer.java:2048)
	at java.util.concurrent.LinkedBlockingQueue.take(LinkedBlockingQueue.java:442)
	at org.apache.rocketmq.namesrv.routeinfo.BatchUnregistrationService.run(BatchUnregistrationService.java:64)
	at java.lang.Thread.run(Thread.java:750)
